Microchip MPLAB XC8 Compiler V2.20

Linker command line:

-W-3 --edf=E:\Program Files\Microchip\xc8\v2.20\pic\dat\en_msgs.txt -cn \
  -h+dist/default/production\PROJ.X.production.sym \
  --cmf=dist/default/production\PROJ.X.production.cmf -z -Q16F877A \
  -oC:\Users\sony\AppData\Local\Temp\s6ps.2 \
  -Mdist/default/production/PROJ.X.production.map -E1 -ver=XC8 Compiler \
  -ASTACK=0110h-016Fh -pstack=STACK -ACODE=00h-07FFhx4 -ASTRCODE=00h-01FFFh \
  -ASTRING=00h-0FFhx32 -ACONST=00h-0FFhx32 -AENTRY=00h-0FFhx32 \
  -ACOMMON=070h-07Fh -ABANK0=020h-06Fh -ABANK1=0A0h-0EFh \
  -ABANK2=0110h-016Fh -ABANK3=0190h-01EFh \
  -ARAM=020h-06Fh,0A0h-0EFh,0110h-016Fh,0190h-01EFh \
  -AABS1=020h-07Fh,0A0h-0EFh,0110h-016Fh,0190h-01EFh -ASFR0=00h-01Fh \
  -ASFR1=080h-09Fh -ASFR2=0100h-010Fh -ASFR3=0180h-018Fh \
  -ACONFIG=02007h-02007h -DCONFIG=2 -AIDLOC=02000h-02003h -DIDLOC=2 \
  -preset_vec=00h,intentry=04h,init,end_init -ppowerup=CODE -pcinit=CODE \
  -pfunctab=ENTRY -AEEDATA=00h-0FFh/02100h -peeprom_data=EEDATA -DEEDATA=2 \
  -DCODE=2 -DSTRCODE=2 -DSTRING=2 -DCONST=2 -DENTRY=2 -k \
  C:\Users\sony\AppData\Local\Temp\s6ps.obj \
  dist/default/production\PROJ.X.production.obj 

Object code version is 3.11

Machine type is 16F877A



                Name                               Link     Load   Length Selector   Space Scale
C:\Users\sony\AppData\Local\Temp\s6ps.obj
                end_init                             12       12        3        8       0
                reset_vec                             0        0        3        0       0
                config                             2007     2007        1        0       4
dist/default/production\PROJ.X.production.obj
                cinit                                15       15       2C        8       0
                intentry                              4        4        E        8       0
                config                             2007     2007        1        0       4
                text43                              DC9      DC9        B     1B92       0
                text42                              DD4      DD4        B     1BA8       0
                text41                              E2E      E2E       12     1C5C       0
                text40                              DEC      DEC        F     1BD8       0
                text39                              D9C      D9C        8     1B38       0
                text38                              DDF      DDF        D     1BBE       0
                text37                              D88      D88        5     1B10       0
                text36                              D8D      D8D        5     1B1A       0
                text35                              D92      D92        5     1B24       0
                text34                              E40      E40       13     1C80       0
                text33                              F08      F08       30     1E10       0
                text32                              DB5      DB5        A     1B6A       0
                text31                              EDF      EDF       29     1DBE       0
                text30                              55C      55C       6C        8       0
                text29                              2CE      2CE       98        8       0
                text28                               41       41       B3        8       0
                text27                              3F9      3F9       7B        8       0
                text26                              E66      E66       14     1CCC       0
                text25                              FB5      FB5       4B     1F6A       0
                text24                              6DF      6DF       52        8       0
                text23                              E53      E53       13     1CA6       0
                text22                              77D      77D       4B        8       0
                text21                              7FA      7FA        6        8       0
                text20                              E8E      E8E       15     1D1C       0
                text19                              D97      D97        5     1B2E       0
                text18                              629      629       5E        8       0
                text17                              731      731       4C        8       0
                text16                              366      366       93        8       0
                text15                              194      194       9E        8       0
                text14                              232      232       9C        8       0
                text13                               F4       F4       A0        8       0
                text12                              F74      F74       41     1EE8       0
                text11                              E7A      E7A       14     1CF4       0
                text10                              DFB      DFB       11     1BF6       0
                text9                               EA3      EA3       1C     1D46       0
                text8                               687      687       58        8       0
                text7                               F38      F38       3C     1E70       0
                text6                               5C8      5C8       61        8       0
                text5                               EBF      EBF       20     1D7E       0
                text4                               DAC      DAC        9     1B58       0
                text3                               7C8      7C8       32        8       0
                text2                               4E9      4E9       73        8       0
                text1                               E0C      E0C       11     1C18       0
                maintext                            474      474       75        8       0
                cstackBANK0                          20       20       1E       20       1
                cstackCOMMON                         70       70        E       70       1
                cstackBANK1                          A0       A0       27       A0       1
                clrtext                             DA4      DA4        8     1B48       0
                inittext                            E1D      E1D       11     1C3A       0
                dataBANK1                            D4       D4        A       A0       1
                bssBANK1                             C7       C7        D       A0       1
                dataBANK0                            55       55        2       20       1
                bssBANK0                             3E       3E       17       20       1
                idataBANK1                          DBF      DBF        A     1B7E       0
                idataBANK0                          D86      D86        2     1B0C       0

TOTAL           Name                               Link     Load   Length     Space
        CLASS   STACK          

        CLASS   CODE           
                end_init                             12       12        3         0
                cinit                                15       15       2C         0
                intentry                              4        4        E         0
                reset_vec                             0        0        3         0
                text43                              DC9      DC9        B         0
                text42                              DD4      DD4        B         0
                text41                              E2E      E2E       12         0
                text40                              DEC      DEC        F         0
                text39                              D9C      D9C        8         0
                text38                              DDF      DDF        D         0
                text37                              D88      D88        5         0
                text36                              D8D      D8D        5         0
                text35                              D92      D92        5         0
                text34                              E40      E40       13         0
                text33                              F08      F08       30         0
                text32                              DB5      DB5        A         0
                text31                              EDF      EDF       29         0
                text30                              55C      55C       6C         0
                text29                              2CE      2CE       98         0
                text28                               41       41       B3         0
                text27                              3F9      3F9       7B         0
                text26                              E66      E66       14         0
                text25                              FB5      FB5       4B         0
                text24                              6DF      6DF       52         0
                text23                              E53      E53       13         0
                text22                              77D      77D       4B         0
                text21                              7FA      7FA        6         0
                text20                              E8E      E8E       15         0
                text19                              D97      D97        5         0
                text18                              629      629       5E         0
                text17                              731      731       4C         0
                text16                              366      366       93         0
                text15                              194      194       9E         0
                text14                              232      232       9C         0
                text13                               F4       F4       A0         0
                text12                              F74      F74       41         0
                text11                              E7A      E7A       14         0
                text10                              DFB      DFB       11         0
                text9                               EA3      EA3       1C         0
                text8                               687      687       58         0
                text7                               F38      F38       3C         0
                text6                               5C8      5C8       61         0
                text5                               EBF      EBF       20         0
                text4                               DAC      DAC        9         0
                text3                               7C8      7C8       32         0
                text2                               4E9      4E9       73         0
                text1                               E0C      E0C       11         0
                maintext                            474      474       75         0
                clrtext                             DA4      DA4        8         0
                inittext                            E1D      E1D       11         0
                idataBANK1                          DBF      DBF        A         0
                idataBANK0                          D86      D86        2         0

        CLASS   STRCODE        

        CLASS   STRING         

        CLASS   CONST          

        CLASS   ENTRY          

        CLASS   COMMON         
                cstackCOMMON                         70       70        E         1

        CLASS   BANK0          
                cstackBANK0                          20       20       1E         1
                dataBANK0                            55       55        2         1
                bssBANK0                             3E       3E       17         1

        CLASS   BANK1          
                cstackBANK1                          A0       A0       27         1
                dataBANK1                            D4       D4        A         1
                bssBANK1                             C7       C7        D         1

        CLASS   BANK2          

        CLASS   BANK3          

        CLASS   RAM            

        CLASS   ABS1           
                abs_s1                               7E       7E        2         1

        CLASS   SFR0           

        CLASS   SFR1           

        CLASS   SFR2           

        CLASS   SFR3           

        CLASS   CONFIG         
                config                             2007     2007        1         4

        CLASS   IDLOC          

        CLASS   EEDATA         



SEGMENTS        Name                           Load    Length   Top    Selector   Space  Class     Delta

                reset_vec                      000000  000003  000003         0       0  CODE        2
                intentry                       000004  0007FC  000800         8       0  CODE        2
                cstackBANK0                    000020  000037  000057        20       1  BANK0       1
                cstackCOMMON                   000070  00000E  00007E        70       1  COMMON      1
                cstackBANK1                    0000A0  00003E  0000DE        A0       1  BANK1       1
                idataBANK0                     000D86  000002  000D88      1B0C       0  CODE        2
                text37                         000D88  000005  000D8D      1B10       0  CODE        2
                text36                         000D8D  000005  000D92      1B1A       0  CODE        2
                text35                         000D92  000005  000D97      1B24       0  CODE        2
                text19                         000D97  000005  000D9C      1B2E       0  CODE        2
                text39                         000D9C  000008  000DA4      1B38       0  CODE        2
                clrtext                        000DA4  000008  000DAC      1B48       0  CODE        2
                text4                          000DAC  000009  000DB5      1B58       0  CODE        2
                text32                         000DB5  00000A  000DBF      1B6A       0  CODE        2
                idataBANK1                     000DBF  00000A  000DC9      1B7E       0  CODE        2
                text43                         000DC9  00000B  000DD4      1B92       0  CODE        2
                text42                         000DD4  00000B  000DDF      1BA8       0  CODE        2
                text38                         000DDF  00000D  000DEC      1BBE       0  CODE        2
                text40                         000DEC  00000F  000DFB      1BD8       0  CODE        2
                text10                         000DFB  000011  000E0C      1BF6       0  CODE        2
                text1                          000E0C  000011  000E1D      1C18       0  CODE        2
                inittext                       000E1D  000011  000E2E      1C3A       0  CODE        2
                text41                         000E2E  000012  000E40      1C5C       0  CODE        2
                text34                         000E40  000013  000E53      1C80       0  CODE        2
                text23                         000E53  000013  000E66      1CA6       0  CODE        2
                text26                         000E66  000014  000E7A      1CCC       0  CODE        2
                text11                         000E7A  000014  000E8E      1CF4       0  CODE        2
                text20                         000E8E  000015  000EA3      1D1C       0  CODE        2
                text9                          000EA3  00001C  000EBF      1D46       0  CODE        2
                text5                          000EBF  000020  000EDF      1D7E       0  CODE        2
                text31                         000EDF  000029  000F08      1DBE       0  CODE        2
                text33                         000F08  000030  000F38      1E10       0  CODE        2
                text7                          000F38  00003C  000F74      1E70       0  CODE        2
                text12                         000F74  000041  000FB5      1EE8       0  CODE        2
                text25                         000FB5  00004B  001000      1F6A       0  CODE        2


UNUSED ADDRESS RANGES

        Name                Unused          Largest block    Delta
        BANK0            0057-006F             19           1
        BANK1            00DE-00EF             12           1
        BANK2            0110-016F             60           1
        BANK3            0190-01EF             60           1
        CODE             0003-0003              1           2
                         0800-0D85            586
                         1000-1FFF            800
        CONST            0003-0003              1           2
                         0800-0D85            100
                         1000-1FFF            100
        EEDATA           2100-21FF            100           2
        ENTRY            0003-0003              1           2
                         0800-0D85            100
                         1000-1FFF            100
        IDLOC            2000-2003              4           2
        RAM              0057-006F             19           1
                         00DE-00EF             12
                         0110-016F             60
                         0190-01EF             60
        SFR0             0000-001F             20           1
        SFR1             0080-009F             20           1
        SFR2             0100-010F             10           1
        SFR3             0180-018F             10           1
        STACK            0110-016F             60           1
        STRCODE          0003-0003              1           2
                         0800-0D85            586
                         1000-1FFF           1000
        STRING           0003-0003              1           2
                         0800-0D85            100
                         1000-1FFF            100

                                  Symbol Table

?_ADC_Read                                       cstackCOMMON 0070
?___ftdiv                                        cstackCOMMON 0078
?___ftmul                                        cstackBANK0  0020
?___ftpack                                       cstackCOMMON 0070
?___fttol                                        cstackBANK0  0029
?___lldiv                                        cstackBANK1  00A0
?___llmod                                        cstackBANK1  00A0
?___lwdiv                                        cstackBANK1  00A0
?___lwmod                                        cstackBANK1  00A7
?___lwtoft                                       cstackCOMMON 0078
?_multiply                                       cstackBANK1  00A0
?_temperature_read                               cstackBANK0  0036
ADC_Read@ANC                                     cstackCOMMON 0073
_ACKSTAT                                         (abs)        048E
_ADCON0                                          (abs)        001F
_ADCON0bits                                      (abs)        001F
_ADCON1                                          (abs)        009F
_ADC_Init                                        text21       07FA
_ADC_Read                                        text31       0EDF
_ADRESH                                          (abs)        001E
_ADRESL                                          (abs)        009E
_AN0RES                                          bssBANK0     004D
_GIE                                             (abs)        005F
_GO_DONE                                         (abs)        00FA
_INTE                                            (abs)        005C
_INTEDG                                          (abs)        040E
_INTF                                            (abs)        0059
_ON_OFF_FLAG                                     bssBANK0     004F
_PEIE                                            (abs)        005E
_PEN                                             (abs)        048A
_PORTA                                           (abs)        0005
_PORTB                                           (abs)        0006
_PORTD                                           (abs)        0008
_PR2                                             (abs)        0092
_PS0                                             (abs)        0408
_PS1                                             (abs)        0409
_PS2                                             (abs)        040A
_PSA                                             (abs)        040B
_RA4                                             (abs)        002C
_RA5                                             (abs)        002D
_RB1                                             (abs)        0031
_RB4                                             (abs)        0034
_RB5                                             (abs)        0035
_RC2                                             (abs)        003A
_RC5                                             (abs)        003D
_RSEN                                            (abs)        0489
_SEN                                             (abs)        0488
_SSPADD                                          (abs)        0093
_SSPBUF                                          (abs)        0013
_SSPCON2                                         (abs)        0091
_SSPEN                                           (abs)        00A5
_SSPIF                                           (abs)        0063
_SSPM0                                           (abs)        00A0
_SSPM1                                           (abs)        00A1
_SSPM2                                           (abs)        00A2
_SSPM3                                           (abs)        00A3
_SSPSTAT                                         (abs)        0094
_T0                                              bssBANK0     0052
_T0CS                                            (abs)        040D
_T0SE                                            (abs)        040C
_T1                                              bssBANK0     0054
_T1CKPS0                                         (abs)        0084
_T1CKPS1                                         (abs)        0085
_T1OSCEN                                         (abs)        0083
_T2                                              bssBANK0     0053
_T2CKPS0                                         (abs)        0090
_T2CKPS1                                         (abs)        0091
_TMR0                                            (abs)        0001
_TMR0IE                                          (abs)        005D
_TMR0IF                                          (abs)        005A
_TMR0_REG                                        bssBANK1     00C7
_TMR1                                            (abs)        000E
_TMR1CS                                          (abs)        0081
_TMR1IE                                          (abs)        0460
_TMR1IF                                          (abs)        0060
_TMR1ON                                          (abs)        0080
_TMR1_REG                                        bssBANK1     00CB
_TMR2                                            (abs)        0011
_TMR2IE                                          (abs)        0461
_TMR2IF                                          (abs)        0061
_TMR2ON                                          (abs)        0092
_TMR2_REG                                        bssBANK1     00C9
_TOUTPS0                                         (abs)        0093
_TOUTPS1                                         (abs)        0094
_TOUTPS2                                         (abs)        0095
_TOUTPS3                                         (abs)        0096
_TRISA                                           (abs)        0085
_TRISB                                           (abs)        0086
_TRISB1                                          (abs)        0431
_TRISC                                           (abs)        0087
_TRISC3                                          (abs)        043B
_TRISC4                                          (abs)        043C
_TRISD                                           (abs)        0088
_Voltage                                         bssBANK0     0048
__Habs1                                          abs1         0000
__Hbank0                                         bank0        0000
__Hbank1                                         bank1        0000
__Hbank2                                         bank2        0000
__Hbank3                                         bank3        0000
__HbssBANK0                                      bssBANK0     0000
__HbssBANK1                                      bssBANK1     0000
__Hcinit                                         cinit        0041
__Hclrtext                                       clrtext      0000
__Hcode                                          code         0000
__Hcommon                                        common       0000
__Hconfig                                        config       2008
__HcstackBANK0                                   cstackBANK0  0000
__HcstackBANK1                                   cstackBANK1  0000
__HcstackCOMMON                                  cstackCOMMON 0000
__HdataBANK0                                     dataBANK0    0000
__HdataBANK1                                     dataBANK1    0000
__Heeprom_data                                   eeprom_data  0000
__Hend_init                                      end_init     0015
__Hfunctab                                       functab      0000
__HidataBANK0                                    idataBANK0   0000
__HidataBANK1                                    idataBANK1   0000
__Hinit                                          init         0012
__Hinittext                                      inittext     0000
__Hintentry                                      intentry     0012
__Hmaintext                                      maintext     0000
__Hpowerup                                       powerup      0000
__Hram                                           ram          0000
__Hreset_vec                                     reset_vec    0003
__Hsfr0                                          sfr0         0000
__Hsfr1                                          sfr1         0000
__Hsfr2                                          sfr2         0000
__Hsfr3                                          sfr3         0000
__Hspace_0                                       (abs)        1000
__Hspace_1                                       (abs)        00DE
__Hspace_2                                       (abs)        0000
__Hspace_3                                       (abs)        0000
__Hspace_4                                       (abs)        400F
__Hstack                                         stack        0000
__Hstrings                                       strings      0000
__Htext                                          text         0000
__Labs1                                          abs1         0000
__Lbank0                                         bank0        0000
__Lbank1                                         bank1        0000
__Lbank2                                         bank2        0000
__Lbank3                                         bank3        0000
__LbssBANK0                                      bssBANK0     0000
__LbssBANK1                                      bssBANK1     0000
__Lcinit                                         cinit        0015
__Lclrtext                                       clrtext      0000
__Lcode                                          code         0000
__Lcommon                                        common       0000
__Lconfig                                        config       0000
__LcstackBANK0                                   cstackBANK0  0000
__LcstackBANK1                                   cstackBANK1  0000
__LcstackCOMMON                                  cstackCOMMON 0000
__LdataBANK0                                     dataBANK0    0000
__LdataBANK1                                     dataBANK1    0000
__Leeprom_data                                   eeprom_data  0000
__Lend_init                                      end_init     0012
__Lfunctab                                       functab      0000
__LidataBANK0                                    idataBANK0   0000
__LidataBANK1                                    idataBANK1   0000
__Linit                                          init         0012
__Linittext                                      inittext     0000
__Lintentry                                      intentry     0004
__Lmaintext                                      maintext     0000
__Lpowerup                                       powerup      0000
__Lram                                           ram          0000
__Lreset_vec                                     reset_vec    0000
__Lsfr0                                          sfr0         0000
__Lsfr1                                          sfr1         0000
__Lsfr2                                          sfr2         0000
__Lsfr3                                          sfr3         0000
__Lspace_0                                       (abs)        0000
__Lspace_1                                       (abs)        0000
__Lspace_2                                       (abs)        0000
__Lspace_3                                       (abs)        0000
__Lspace_4                                       (abs)        0000
__Lstack                                         stack        0000
__Lstrings                                       strings      0000
__Ltext                                          text         0000
__S0                                             (abs)        1000
__S1                                             (abs)        00DE
__S2                                             (abs)        0000
__S3                                             (abs)        0000
___ftdiv                                         text29       02CE
___ftdiv@cntr                                    cstackBANK0  0023
___ftdiv@exp                                     cstackBANK0  0027
___ftdiv@f1                                      cstackCOMMON 007B
___ftdiv@f2                                      cstackCOMMON 0078
___ftdiv@f3                                      cstackBANK0  0024
___ftdiv@sign                                    cstackBANK0  0028
___ftmul                                         text28       0041
___ftmul@cntr                                    cstackBANK0  002A
___ftmul@exp                                     cstackBANK0  0026
___ftmul@f1                                      cstackBANK0  0020
___ftmul@f2                                      cstackBANK0  0023
___ftmul@f3_as_product                           cstackBANK0  0027
___ftmul@sign                                    cstackBANK0  002B
___ftpack                                        text30       055C
___ftpack@arg                                    cstackCOMMON 0070
___ftpack@exp                                    cstackCOMMON 0073
___ftpack@sign                                   cstackCOMMON 0074
___fttol                                         text27       03F9
___fttol@exp1                                    cstackBANK0  0035
___fttol@f1                                      cstackBANK0  0029
___fttol@lval                                    cstackBANK0  0031
___fttol@sign1                                   cstackBANK0  0030
___int_sp                                        stack        0000
___latbits                                       (abs)        0002
___lldiv                                         text18       0629
___lldiv@counter                                 cstackBANK1  00AD
___lldiv@dividend                                cstackBANK1  00A4
___lldiv@divisor                                 cstackBANK1  00A0
___lldiv@quotient                                cstackBANK1  00A9
___llmod                                         text17       0731
___llmod@counter                                 cstackBANK1  00A9
___llmod@dividend                                cstackBANK1  00A4
___llmod@divisor                                 cstackBANK1  00A0
___lwdiv                                         text7        0F38
___lwdiv@counter                                 cstackBANK1  00A4
___lwdiv@dividend                                cstackBANK1  00A2
___lwdiv@divisor                                 cstackBANK1  00A0
___lwdiv@quotient                                cstackBANK1  00A5
___lwmod                                         text3        07C8
___lwmod@counter                                 cstackBANK1  00AB
___lwmod@dividend                                cstackBANK1  00A9
___lwmod@divisor                                 cstackBANK1  00A7
___lwtoft                                        text26       0E66
___lwtoft@c                                      cstackCOMMON 0078
___sp                                            stack        0000
___stackhi                                       (abs)        0000
___stacklo                                       (abs)        0000
__end_of_ADC_Init                                text21       0800
__end_of_ADC_Read                                text31       0F08
__end_of___ftdiv                                 text29       0366
__end_of___ftmul                                 text28       00F4
__end_of___ftpack                                text30       05C8
__end_of___fttol                                 text27       0474
__end_of___lldiv                                 text18       0687
__end_of___llmod                                 text17       077D
__end_of___lwdiv                                 text7        0F74
__end_of___lwmod                                 text3        07FA
__end_of___lwtoft                                text26       0E7A
__end_of__initialization                         cinit        003D
__end_of_alternate                               text43       0DD4
__end_of_alternate_on_off                        text42       0DDF
__end_of_check_active_button                     text8        06DF
__end_of_check_temp                              text6        0629
__end_of_eeprom_write                            text33       0F38
__end_of_i2c_master_init                         text40       0DFB
__end_of_i2c_master_write                        text38       0DEC
__end_of_i2c_restart                             text37       0D8D
__end_of_i2c_start                               text36       0D92
__end_of_i2c_stop                                text35       0D97
__end_of_i2c_wait                                text39       0DA4
__end_of_i2c_write_slave_address_with_write_req  text34       0E53
__end_of_isr                                     text22       07C8
__end_of_main                                    maintext     04E9
__end_of_multiply                                text16       03F9
__end_of_off                                     text4        0DB5
__end_of_restart_timer                           text20       0EA3
__end_of_save_temp                               text41       0E40
__end_of_segment_display                         text2        055C
__end_of_segment_display_blink                   text1        0E1D
__end_of_segment_display_off                     text5        0EDF
__end_of_set_blink                               text19       0D9C
__end_of_set_temp_off                            text32       0DBF
__end_of_set_timer0                              text15       0232
__end_of_set_timer1                              text14       02CE
__end_of_set_timer2                              text13       0194
__end_of_start_timer                             text12       0FB5
__end_of_stop_timer                              text11       0E8E
__end_of_temp_setting_down                       text10       0E0C
__end_of_temp_setting_up                         text9        0EBF
__end_of_temperature_read                        text25       1000
__end_of_timer_ISR                               text24       0731
__end_ofi1_stop_timer                            text23       0E66
__initialization                                 cinit        0015
__pbssBANK0                                      bssBANK0     003E
__pbssBANK1                                      bssBANK1     00C7
__pcstackBANK0                                   cstackBANK0  0020
__pcstackBANK1                                   cstackBANK1  00A0
__pcstackCOMMON                                  cstackCOMMON 0070
__pdataBANK0                                     dataBANK0    0055
__pdataBANK1                                     dataBANK1    00D4
__pidataBANK0                                    idataBANK0   0D86
__pidataBANK1                                    idataBANK1   0DBF
__pintentry                                      intentry     0004
__pmaintext                                      maintext     0474
__ptext1                                         text1        0E0C
__ptext10                                        text10       0DFB
__ptext11                                        text11       0E7A
__ptext12                                        text12       0F74
__ptext13                                        text13       00F4
__ptext14                                        text14       0232
__ptext15                                        text15       0194
__ptext16                                        text16       0366
__ptext17                                        text17       0731
__ptext18                                        text18       0629
__ptext19                                        text19       0D97
__ptext2                                         text2        04E9
__ptext20                                        text20       0E8E
__ptext21                                        text21       07FA
__ptext22                                        text22       077D
__ptext23                                        text23       0E53
__ptext24                                        text24       06DF
__ptext25                                        text25       0FB5
__ptext26                                        text26       0E66
__ptext27                                        text27       03F9
__ptext28                                        text28       0041
__ptext29                                        text29       02CE
__ptext3                                         text3        07C8
__ptext30                                        text30       055C
__ptext31                                        text31       0EDF
__ptext32                                        text32       0DB5
__ptext33                                        text33       0F08
__ptext34                                        text34       0E40
__ptext35                                        text35       0D92
__ptext36                                        text36       0D8D
__ptext37                                        text37       0D88
__ptext38                                        text38       0DDF
__ptext39                                        text39       0D9C
__ptext4                                         text4        0DAC
__ptext40                                        text40       0DEC
__ptext41                                        text41       0E2E
__ptext42                                        text42       0DD4
__ptext43                                        text43       0DC9
__ptext5                                         text5        0EBF
__ptext6                                         text6        05C8
__ptext7                                         text7        0F38
__ptext8                                         text8        0687
__ptext9                                         text9        0EA3
__size_of_ADC_Init                               (abs)        0000
__size_of_ADC_Read                               (abs)        0000
__size_of___ftdiv                                (abs)        0000
__size_of___ftmul                                (abs)        0000
__size_of___ftpack                               (abs)        0000
__size_of___fttol                                (abs)        0000
__size_of___lldiv                                (abs)        0000
__size_of___llmod                                (abs)        0000
__size_of___lwdiv                                (abs)        0000
__size_of___lwmod                                (abs)        0000
__size_of___lwtoft                               (abs)        0000
__size_of_alternate                              (abs)        0000
__size_of_alternate_on_off                       (abs)        0000
__size_of_check_active_button                    (abs)        0000
__size_of_check_temp                             (abs)        0000
__size_of_eeprom_write                           (abs)        0000
__size_of_i2c_master_init                        (abs)        0000
__size_of_i2c_master_write                       (abs)        0000
__size_of_i2c_restart                            (abs)        0000
__size_of_i2c_start                              (abs)        0000
__size_of_i2c_stop                               (abs)        0000
__size_of_i2c_wait                               (abs)        0000
__size_of_i2c_write_slave_address_with_write_req (abs)        0000
__size_of_isr                                    (abs)        0000
__size_of_main                                   (abs)        0000
__size_of_multiply                               (abs)        0000
__size_of_off                                    (abs)        0000
__size_of_restart_timer                          (abs)        0000
__size_of_save_temp                              (abs)        0000
__size_of_segment_display                        (abs)        0000
__size_of_segment_display_blink                  (abs)        0000
__size_of_segment_display_off                    (abs)        0000
__size_of_set_blink                              (abs)        0000
__size_of_set_temp_off                           (abs)        0000
__size_of_set_timer0                             (abs)        0000
__size_of_set_timer1                             (abs)        0000
__size_of_set_timer2                             (abs)        0000
__size_of_start_timer                            (abs)        0000
__size_of_stop_timer                             (abs)        0000
__size_of_temp_setting_down                      (abs)        0000
__size_of_temp_setting_up                        (abs)        0000
__size_of_temperature_read                       (abs)        0000
__size_of_timer_ISR                              (abs)        0000
__size_ofi1_stop_timer                           (abs)        0000
_alternate                                       text43       0DC9
_alternate_on_off                                text42       0DD4
_blink                                           dataBANK0    0056
_check_active_button                             text8        0687
_check_temp                                      text6        05C8
_counter0                                        bssBANK1     00C8
_counter1                                        bssBANK1     00CC
_counter2                                        bssBANK1     00CA
_eeprom_write                                    text33       0F08
_i2c_master_init                                 text40       0DEC
_i2c_master_write                                text38       0DDF
_i2c_restart                                     text37       0D88
_i2c_start                                       text36       0D8D
_i2c_stop                                        text35       0D92
_i2c_wait                                        text39       0D9C
_i2c_write_slave_address_with_write_req          text34       0E40
_index                                           bssBANK0     0051
_isr                                             text22       077D
_main                                            maintext     0474
_multiply                                        text16       0366
_off                                             text4        0DAC
_past_temps                                      bssBANK0     003E
_restart_timer                                   text20       0E8E
_save_temp                                       text41       0E2E
_segment_display                                 text2        04E9
_segment_display_blink                           text1        0E0C
_segment_display_off                             text5        0EBF
_set_blink                                       text19       0D97
_set_temp_off                                    text32       0DB5
_set_timer0                                      text15       0194
_set_timer1                                      text14       0232
_set_timer2                                      text13       00F4
_start_timer                                     text12       0F74
_stop_timer                                      text11       0E7A
_temp_set                                        dataBANK0    0055
_temp_setting_down                               text10       0DFB
_temp_setting_mode                               bssBANK0     0050
_temp_setting_up                                 text9        0EA3
_temperature                                     bssBANK0     004B
_temperature_read                                text25       0FB5
_timer_ISR                                       text24       06DF
btemp                                            (abs)        007E
check_temp@avg                                   cstackBANK1  00AB
check_temp@i                                     cstackBANK1  00AD
check_temp@sum                                   cstackBANK1  00A9
clear_ram0                                       clrtext      0DA4
eeprom_write@address                             cstackCOMMON 0073
eeprom_write@data                                cstackCOMMON 0072
end_of_initialization                            cinit        003D
i1_stop_timer                                    text23       0E53
i1stop_timer@timer                               cstackCOMMON 0070
i2c_master_write@data                            cstackCOMMON 0070
i2c_write_slave_address_with_write_req@address   cstackCOMMON 0071
init_fetch0                                      inittext     0E1D
init_ram0                                        inittext     0E21
interrupt_function                               intentry     0004
intlevel0                                        functab      0000
intlevel1                                        functab      0000
intlevel2                                        functab      0000
intlevel3                                        functab      0000
intlevel4                                        functab      0000
intlevel5                                        functab      0000
multiply@i                                       cstackBANK1  00AC
multiply@i_321                                   cstackBANK1  00AE
multiply@sum                                     cstackBANK1  00B0
multiply@x                                       cstackBANK1  00A0
multiply@y                                       cstackBANK1  00A2
reset_vec                                        reset_vec    0000
restart_timer@timer                              cstackBANK1  00A0
save_temp@temp                                   cstackCOMMON 0070
saved_w                                          (abs)        007E
segment_display@F864                             dataBANK1    00D4
segment_display@a1                               cstackBANK1  00BC
segment_display@a2                               cstackBANK1  00BE
segment_display@binary_pattern                   cstackBANK1  00B2
segment_display@x                                cstackBANK1  00AC
segment_display_blink@x                          cstackBANK1  00C0
set_timer0@Time                                  cstackBANK1  00B8
set_timer0@cntr0                                 bssBANK1     00CF
set_timer0@i                                     cstackBANK1  00BE
set_timer0@resolution                            cstackBANK1  00BC
set_timer0@time                                  cstackBANK1  00B4
set_timer0@tmr0                                  bssBANK1     00D0
set_timer1@Time                                  cstackBANK1  00B8
set_timer1@cntr1                                 bssBANK1     00D3
set_timer1@i                                     cstackBANK1  00BE
set_timer1@resolution                            cstackBANK1  00BC
set_timer1@time                                  cstackBANK1  00B4
set_timer1@tmr1                                  bssBANK1     00CD
set_timer2@Time                                  cstackBANK1  00B8
set_timer2@cntr2                                 bssBANK1     00D1
set_timer2@i                                     cstackBANK1  00BE
set_timer2@resolution                            cstackBANK1  00BC
set_timer2@time                                  cstackBANK1  00B4
set_timer2@tmr2                                  bssBANK1     00D2
start                                            init         0012
start_initialization                             cinit        0015
start_timer@time                                 cstackBANK1  00C0
start_timer@timer                                cstackBANK1  00C2
stop_timer@timer                                 cstackBANK1  00A0
temperature_read@pin                             cstackBANK0  0039
wtemp0                                           (abs)        007E


FUNCTION INFORMATION:

 *************** function _main *****************
 Defined at:
		line 48 in file "main.c"
 Parameters:    Size  Location     Type
		None
 Auto vars:     Size  Location     Type
		None
 Return value:  Size  Location     Type
                  1    wreg      void 
 Registers used:
		wreg, fsr0l, fsr0h, status,2, status,0, btemp+1, pclath, cstack
 Tracked objects:
		On entry : 
		On exit  : 
		Unchanged: 
 Data sizes:     COMMON   BANK0   BANK1   BANK3   BANK2
      Params:         0       0       0       0       0
      Locals:         0       0       0       0       0
      Temps:          0       0       2       0       0
      Totals:         0       0       2       0       0
Total ram usage:        2 bytes
 Hardware stack levels required when called:    9
 This function calls:
		_ADC_Init
		_check_active_button
		_check_temp
		_off
		_segment_display
		_segment_display_blink
		_start_timer
 This function is called by:
		Startup code after reset
 This function uses a non-reentrant model


 *************** function _segment_display_blink *****************
 Defined at:
		line 33 in file "ssd.c"
 Parameters:    Size  Location     Type
  x               2   32[BANK1 ] unsigned short 
 Auto vars:     Size  Location     Type
		None
 Return value:  Size  Location     Type
                  1    wreg      void 
 Registers used:
		wreg, fsr0l, fsr0h, status,2, status,0, btemp+1, pclath, cstack
 Tracked objects:
		On entry : 
		On exit  : 
		Unchanged: 
 Data sizes:     COMMON   BANK0   BANK1   BANK3   BANK2
      Params:         0       0       2       0       0
      Locals:         0       0       0       0       0
      Temps:          0       0       0       0       0
      Totals:         0       0       2       0       0
Total ram usage:        2 bytes
 Hardware stack levels used:    1
 Hardware stack levels required when called:    7
 This function calls:
		_segment_display
		_segment_display_off
 This function is called by:
		_main
 This function uses a non-reentrant model


 *************** function _segment_display *****************
 Defined at:
		line 9 in file "ssd.c"
 Parameters:    Size  Location     Type
  x               2   12[BANK1 ] unsigned short 
 Auto vars:     Size  Location     Type
  binary_patte   10   18[BANK1 ] unsigned char [10]
  a2              2   30[BANK1 ] unsigned int 
  a1              2   28[BANK1 ] unsigned int 
 Return value:  Size  Location     Type
                  1    wreg      void 
 Registers used:
		wreg, fsr0l, fsr0h, status,2, status,0, btemp+1, pclath, cstack
 Tracked objects:
		On entry : 
		On exit  : 
		Unchanged: 
 Data sizes:     COMMON   BANK0   BANK1   BANK3   BANK2
      Params:         0       0       2       0       0
      Locals:         0       0      14       0       0
      Temps:          0       0       4       0       0
      Totals:         0       0      20       0       0
Total ram usage:       20 bytes
 Hardware stack levels used:    1
 Hardware stack levels required when called:    6
 This function calls:
		___lwdiv
		___lwmod
 This function is called by:
		_main
		_segment_display_blink
 This function uses a non-reentrant model


 *************** function ___lwmod *****************
 Defined at:
		line 5 in file "E:\Program Files\Microchip\xc8\v2.20\pic\sources\c90\common\lwmod.c"
 Parameters:    Size  Location     Type
  divisor         2    7[BANK1 ] unsigned int 
  dividend        2    9[BANK1 ] unsigned int 
 Auto vars:     Size  Location     Type
  counter         1   11[BANK1 ] unsigned char 
 Return value:  Size  Location     Type
                  2    7[BANK1 ] unsigned int 
 Registers used:
		wreg, status,2, status,0, btemp+1
 Tracked objects:
		On entry : 
		On exit  : 
		Unchanged: 
 Data sizes:     COMMON   BANK0   BANK1   BANK3   BANK2
      Params:         0       0       4       0       0
      Locals:         0       0       1       0       0
      Temps:          0       0       0       0       0
      Totals:         0       0       5       0       0
Total ram usage:        5 bytes
 Hardware stack levels used:    1
 Hardware stack levels required when called:    5
 This function calls:
		Nothing
 This function is called by:
		_segment_display
 This function uses a non-reentrant model


 *************** function _off *****************
 Defined at:
		line 95 in file "heater.c"
 Parameters:    Size  Location     Type
		None
 Auto vars:     Size  Location     Type
		None
 Return value:  Size  Location     Type
                  1    wreg      void 
 Registers used:
		wreg, status,2, status,0, pclath, cstack
 Tracked objects:
		On entry : 
		On exit  : 
		Unchanged: 
 Data sizes:     COMMON   BANK0   BANK1   BANK3   BANK2
      Params:         0       0       0       0       0
      Locals:         0       0       0       0       0
      Temps:          0       0       0       0       0
      Totals:         0       0       0       0       0
Total ram usage:        0 bytes
 Hardware stack levels used:    1
 Hardware stack levels required when called:    6
 This function calls:
		_segment_display_off
 This function is called by:
		_main
 This function uses a non-reentrant model


 *************** function _segment_display_off *****************
 Defined at:
		line 23 in file "ssd.c"
 Parameters:    Size  Location     Type
		None
 Auto vars:     Size  Location     Type
		None
 Return value:  Size  Location     Type
                  1    wreg      void 
 Registers used:
		wreg, status,2
 Tracked objects:
		On entry : 
		On exit  : 
		Unchanged: 
 Data sizes:     COMMON   BANK0   BANK1   BANK3   BANK2
      Params:         0       0       0       0       0
      Locals:         0       0       0       0       0
      Temps:          0       0       2       0       0
      Totals:         0       0       2       0       0
Total ram usage:        2 bytes
 Hardware stack levels used:    1
 Hardware stack levels required when called:    5
 This function calls:
		Nothing
 This function is called by:
		_segment_display_blink
		_off
 This function uses a non-reentrant model


 *************** function _check_temp *****************
 Defined at:
		line 11 in file "heater.c"
 Parameters:    Size  Location     Type
		None
 Auto vars:     Size  Location     Type
  i               1   13[BANK1 ] unsigned char 
  avg             2   11[BANK1 ] unsigned short 
  sum             2    9[BANK1 ] unsigned short 
 Return value:  Size  Location     Type
                  1    wreg      void 
 Registers used:
		wreg, fsr0l, fsr0h, status,2, status,0, btemp+1, pclath, cstack
 Tracked objects:
		On entry : 
		On exit  : 
		Unchanged: 
 Data sizes:     COMMON   BANK0   BANK1   BANK3   BANK2
      Params:         0       0       0       0       0
      Locals:         0       0       5       0       0
      Temps:          0       0       2       0       0
      Totals:         0       0       7       0       0
Total ram usage:        7 bytes
 Hardware stack levels used:    1
 Hardware stack levels required when called:    6
 This function calls:
		___lwdiv
 This function is called by:
		_main
 This function uses a non-reentrant model


 *************** function ___lwdiv *****************
 Defined at:
		line 5 in file "E:\Program Files\Microchip\xc8\v2.20\pic\sources\c90\common\lwdiv.c"
 Parameters:    Size  Location     Type
  divisor         2    0[BANK1 ] unsigned int 
  dividend        2    2[BANK1 ] unsigned int 
 Auto vars:     Size  Location     Type
  quotient        2    5[BANK1 ] unsigned int 
  counter         1    4[BANK1 ] unsigned char 
 Return value:  Size  Location     Type
                  2    0[BANK1 ] unsigned int 
 Registers used:
		wreg, status,2, status,0, btemp+1
 Tracked objects:
		On entry : 
		On exit  : 
		Unchanged: 
 Data sizes:     COMMON   BANK0   BANK1   BANK3   BANK2
      Params:         0       0       4       0       0
      Locals:         0       0       3       0       0
      Temps:          0       0       0       0       0
      Totals:         0       0       7       0       0
Total ram usage:        7 bytes
 Hardware stack levels used:    1
 Hardware stack levels required when called:    5
 This function calls:
		Nothing
 This function is called by:
		_segment_display
		_check_temp
 This function uses a non-reentrant model


 *************** function _check_active_button *****************
 Defined at:
		line 75 in file "heater.c"
 Parameters:    Size  Location     Type
		None
 Auto vars:     Size  Location     Type
		None
 Return value:  Size  Location     Type
                  1    wreg      void 
 Registers used:
		wreg, fsr0l, fsr0h, status,2, status,0, btemp+1, pclath, cstack
 Tracked objects:
		On entry : 
		On exit  : 
		Unchanged: 
 Data sizes:     COMMON   BANK0   BANK1   BANK3   BANK2
      Params:         0       0       0       0       0
      Locals:         0       0       0       0       0
      Temps:          0       0       2       0       0
      Totals:         0       0       2       0       0
Total ram usage:        2 bytes
 Hardware stack levels used:    1
 Hardware stack levels required when called:    8
 This function calls:
		_restart_timer
		_set_blink
		_start_timer
		_stop_timer
		_temp_setting_down
		_temp_setting_up
 This function is called by:
		_main
 This function uses a non-reentrant model


 *************** function _temp_setting_up *****************
 Defined at:
		line 50 in file "heater.c"
 Parameters:    Size  Location     Type
		None
 Auto vars:     Size  Location     Type
		None
 Return value:  Size  Location     Type
                  1    wreg      void 
 Registers used:
		wreg, status,2, status,0, btemp+1
 Tracked objects:
		On entry : 
		On exit  : 
		Unchanged: 
 Data sizes:     COMMON   BANK0   BANK1   BANK3   BANK2
      Params:         0       0       0       0       0
      Locals:         0       0       0       0       0
      Temps:          0       0       0       0       0
      Totals:         0       0       0       0       0
Total ram usage:        0 bytes
 Hardware stack levels used:    1
 Hardware stack levels required when called:    5
 This function calls:
		Nothing
 This function is called by:
		_check_active_button
 This function uses a non-reentrant model


 *************** function _temp_setting_down *****************
 Defined at:
		line 60 in file "heater.c"
 Parameters:    Size  Location     Type
		None
 Auto vars:     Size  Location     Type
		None
 Return value:  Size  Location     Type
                  1    wreg      void 
 Registers used:
		wreg, status,2, status,0
 Tracked objects:
		On entry : 
		On exit  : 
		Unchanged: 
 Data sizes:     COMMON   BANK0   BANK1   BANK3   BANK2
      Params:         0       0       0       0       0
      Locals:         0       0       0       0       0
      Temps:          0       0       0       0       0
      Totals:         0       0       0       0       0
Total ram usage:        0 bytes
 Hardware stack levels used:    1
 Hardware stack levels required when called:    5
 This function calls:
		Nothing
 This function is called by:
		_check_active_button
 This function uses a non-reentrant model


 *************** function _stop_timer *****************
 Defined at:
		line 139 in file "timer.c"
 Parameters:    Size  Location     Type
  timer           1    wreg     unsigned char 
 Auto vars:     Size  Location     Type
  timer           1    0[BANK1 ] unsigned char 
 Return value:  Size  Location     Type
                  1    wreg      void 
 Registers used:
		wreg, status,2, status,0
 Tracked objects:
		On entry : 
		On exit  : 
		Unchanged: 
 Data sizes:     COMMON   BANK0   BANK1   BANK3   BANK2
      Params:         0       0       0       0       0
      Locals:         0       0       1       0       0
      Temps:          0       0       0       0       0
      Totals:         0       0       1       0       0
Total ram usage:        1 bytes
 Hardware stack levels used:    1
 Hardware stack levels required when called:    5
 This function calls:
		Nothing
 This function is called by:
		_check_active_button
 This function uses a non-reentrant model


 *************** function _start_timer *****************
 Defined at:
		line 173 in file "timer.c"
 Parameters:    Size  Location     Type
  timer           1    wreg     unsigned char 
  time            2   32[BANK1 ] unsigned short 
 Auto vars:     Size  Location     Type
  timer           1   34[BANK1 ] unsigned char 
 Return value:  Size  Location     Type
                  1    wreg      void 
 Registers used:
		wreg, fsr0l, fsr0h, status,2, status,0, btemp+1, pclath, cstack
 Tracked objects:
		On entry : 
		On exit  : 
		Unchanged: 
 Data sizes:     COMMON   BANK0   BANK1   BANK3   BANK2
      Params:         0       0       2       0       0
      Locals:         0       0       1       0       0
      Temps:          0       0       0       0       0
      Totals:         0       0       3       0       0
Total ram usage:        3 bytes
 Hardware stack levels used:    1
 Hardware stack levels required when called:    7
 This function calls:
		_set_timer0
		_set_timer1
		_set_timer2
 This function is called by:
		_main
		_check_active_button
 This function uses a non-reentrant model


 *************** function _set_timer2 *****************
 Defined at:
		line 60 in file "timer.c"
 Parameters:    Size  Location     Type
  time            2   20[BANK1 ] unsigned short 
 Auto vars:     Size  Location     Type
  i               2   30[BANK1 ] unsigned short 
  Time            4   24[BANK1 ] unsigned long 
  resolution      2   28[BANK1 ] unsigned short 
 Return value:  Size  Location     Type
                  1    wreg      void 
 Registers used:
		wreg, status,2, status,0, btemp+1, pclath, cstack
 Tracked objects:
		On entry : 
		On exit  : 
		Unchanged: 
 Data sizes:     COMMON   BANK0   BANK1   BANK3   BANK2
      Params:         0       0       2       0       0
      Locals:         0       0       8       0       0
      Temps:          0       0       2       0       0
      Totals:         0       0      12       0       0
Total ram usage:       12 bytes
 Hardware stack levels used:    1
 Hardware stack levels required when called:    6
 This function calls:
		___lldiv
		___llmod
		_multiply
 This function is called by:
		_start_timer
 This function uses a non-reentrant model


 *************** function _set_timer1 *****************
 Defined at:
		line 22 in file "timer.c"
 Parameters:    Size  Location     Type
  time            2   20[BANK1 ] unsigned short 
 Auto vars:     Size  Location     Type
  i               2   30[BANK1 ] unsigned int 
  Time            4   24[BANK1 ] unsigned long 
  resolution      2   28[BANK1 ] unsigned int 
 Return value:  Size  Location     Type
                  1    wreg      void 
 Registers used:
		wreg, status,2, status,0, btemp+1, pclath, cstack
 Tracked objects:
		On entry : 
		On exit  : 
		Unchanged: 
 Data sizes:     COMMON   BANK0   BANK1   BANK3   BANK2
      Params:         0       0       2       0       0
      Locals:         0       0       8       0       0
      Temps:          0       0       2       0       0
      Totals:         0       0      12       0       0
Total ram usage:       12 bytes
 Hardware stack levels used:    1
 Hardware stack levels required when called:    6
 This function calls:
		___lldiv
		___llmod
		_multiply
 This function is called by:
		_start_timer
 This function uses a non-reentrant model


 *************** function _set_timer0 *****************
 Defined at:
		line 100 in file "timer.c"
 Parameters:    Size  Location     Type
  time            2   20[BANK1 ] unsigned short 
 Auto vars:     Size  Location     Type
  i               2   30[BANK1 ] unsigned short 
  Time            4   24[BANK1 ] unsigned long 
  resolution      2   28[BANK1 ] unsigned short 
 Return value:  Size  Location     Type
                  1    wreg      void 
 Registers used:
		wreg, status,2, status,0, btemp+1, pclath, cstack
 Tracked objects:
		On entry : 
		On exit  : 
		Unchanged: 
 Data sizes:     COMMON   BANK0   BANK1   BANK3   BANK2
      Params:         0       0       2       0       0
      Locals:         0       0       8       0       0
      Temps:          0       0       2       0       0
      Totals:         0       0      12       0       0
Total ram usage:       12 bytes
 Hardware stack levels used:    1
 Hardware stack levels required when called:    6
 This function calls:
		___lldiv
		___llmod
		_multiply
 This function is called by:
		_start_timer
 This function uses a non-reentrant model


 *************** function _multiply *****************
 Defined at:
		line 7 in file "timer.c"
 Parameters:    Size  Location     Type
  x               2    0[BANK1 ] unsigned short 
  y               2    2[BANK1 ] unsigned short 
 Auto vars:     Size  Location     Type
  i               2   14[BANK1 ] unsigned short 
  i               2   12[BANK1 ] unsigned short 
  sum             4   16[BANK1 ] unsigned long 
 Return value:  Size  Location     Type
                  4    0[BANK1 ] unsigned long 
 Registers used:
		wreg, status,2
 Tracked objects:
		On entry : 
		On exit  : 
		Unchanged: 
 Data sizes:     COMMON   BANK0   BANK1   BANK3   BANK2
      Params:         0       0       4       0       0
      Locals:         0       0       8       0       0
      Temps:          0       0       8       0       0
      Totals:         0       0      20       0       0
Total ram usage:       20 bytes
 Hardware stack levels used:    1
 Hardware stack levels required when called:    5
 This function calls:
		Nothing
 This function is called by:
		_set_timer1
		_set_timer2
		_set_timer0
 This function uses a non-reentrant model


 *************** function ___llmod *****************
 Defined at:
		line 5 in file "E:\Program Files\Microchip\xc8\v2.20\pic\sources\c90\common\llmod.c"
 Parameters:    Size  Location     Type
  divisor         4    0[BANK1 ] unsigned long 
  dividend        4    4[BANK1 ] unsigned long 
 Auto vars:     Size  Location     Type
  counter         1    9[BANK1 ] unsigned char 
 Return value:  Size  Location     Type
                  4    0[BANK1 ] unsigned long 
 Registers used:
		wreg, status,2, status,0, btemp+1
 Tracked objects:
		On entry : 
		On exit  : 
		Unchanged: 
 Data sizes:     COMMON   BANK0   BANK1   BANK3   BANK2
      Params:         0       0       8       0       0
      Locals:         0       0       1       0       0
      Temps:          0       0       1       0       0
      Totals:         0       0      10       0       0
Total ram usage:       10 bytes
 Hardware stack levels used:    1
 Hardware stack levels required when called:    5
 This function calls:
		Nothing
 This function is called by:
		_set_timer1
		_set_timer2
		_set_timer0
 This function uses a non-reentrant model


 *************** function ___lldiv *****************
 Defined at:
		line 5 in file "E:\Program Files\Microchip\xc8\v2.20\pic\sources\c90\common\__lldiv.c"
 Parameters:    Size  Location     Type
  divisor         4    0[BANK1 ] unsigned long 
  dividend        4    4[BANK1 ] unsigned long 
 Auto vars:     Size  Location     Type
  quotient        4    9[BANK1 ] unsigned long 
  counter         1   13[BANK1 ] unsigned char 
 Return value:  Size  Location     Type
                  4    0[BANK1 ] unsigned long 
 Registers used:
		wreg, status,2, status,0, btemp+1
 Tracked objects:
		On entry : 
		On exit  : 
		Unchanged: 
 Data sizes:     COMMON   BANK0   BANK1   BANK3   BANK2
      Params:         0       0       8       0       0
      Locals:         0       0       5       0       0
      Temps:          0       0       1       0       0
      Totals:         0       0      14       0       0
Total ram usage:       14 bytes
 Hardware stack levels used:    1
 Hardware stack levels required when called:    5
 This function calls:
		Nothing
 This function is called by:
		_set_timer1
		_set_timer2
		_set_timer0
 This function uses a non-reentrant model


 *************** function _set_blink *****************
 Defined at:
		line 42 in file "ssd.c"
 Parameters:    Size  Location     Type
		None
 Auto vars:     Size  Location     Type
		None
 Return value:  Size  Location     Type
                  1    wreg      void 
 Registers used:
		None
 Tracked objects:
		On entry : 
		On exit  : 
		Unchanged: 
 Data sizes:     COMMON   BANK0   BANK1   BANK3   BANK2
      Params:         0       0       0       0       0
      Locals:         0       0       0       0       0
      Temps:          0       0       0       0       0
      Totals:         0       0       0       0       0
Total ram usage:        0 bytes
 Hardware stack levels used:    1
 Hardware stack levels required when called:    5
 This function calls:
		Nothing
 This function is called by:
		_check_active_button
 This function uses a non-reentrant model


 *************** function _restart_timer *****************
 Defined at:
		line 156 in file "timer.c"
 Parameters:    Size  Location     Type
  timer           1    wreg     unsigned char 
 Auto vars:     Size  Location     Type
  timer           1    0[BANK1 ] unsigned char 
 Return value:  Size  Location     Type
                  1    wreg      void 
 Registers used:
		wreg, status,2, status,0
 Tracked objects:
		On entry : 
		On exit  : 
		Unchanged: 
 Data sizes:     COMMON   BANK0   BANK1   BANK3   BANK2
      Params:         0       0       0       0       0
      Locals:         0       0       1       0       0
      Temps:          0       0       0       0       0
      Totals:         0       0       1       0       0
Total ram usage:        1 bytes
 Hardware stack levels used:    1
 Hardware stack levels required when called:    5
 This function calls:
		Nothing
 This function is called by:
		_check_active_button
 This function uses a non-reentrant model


 *************** function _ADC_Init *****************
 Defined at:
		line 9 in file "adc.c"
 Parameters:    Size  Location     Type
		None
 Auto vars:     Size  Location     Type
		None
 Return value:  Size  Location     Type
                  1    wreg      void 
 Registers used:
		wreg
 Tracked objects:
		On entry : 
		On exit  : 
		Unchanged: 
 Data sizes:     COMMON   BANK0   BANK1   BANK3   BANK2
      Params:         0       0       0       0       0
      Locals:         0       0       0       0       0
      Temps:          0       0       0       0       0
      Totals:         0       0       0       0       0
Total ram usage:        0 bytes
 Hardware stack levels used:    1
 Hardware stack levels required when called:    5
 This function calls:
		Nothing
 This function is called by:
		_main
 This function uses a non-reentrant model


 *************** function _isr *****************
 Defined at:
		line 22 in file "main.c"
 Parameters:    Size  Location     Type
		None
 Auto vars:     Size  Location     Type
		None
 Return value:  Size  Location     Type
                  1    wreg      void 
 Registers used:
		wreg, fsr0l, fsr0h, status,2, status,0, btemp+1, pclath, cstack
 Tracked objects:
		On entry : 
		On exit  : 
		Unchanged: 
 Data sizes:     COMMON   BANK0   BANK1   BANK3   BANK2
      Params:         0       0       0       0       0
      Locals:         0       0       0       0       0
      Temps:          0       4       0       0       0
      Totals:         0       4       0       0       0
Total ram usage:        4 bytes
 Hardware stack levels used:    1
 Hardware stack levels required when called:    4
 This function calls:
		_alternate
		_alternate_on_off
		_save_temp
		_set_temp_off
		_temperature_read
		_timer_ISR
		i1_stop_timer
 This function is called by:
		Interrupt level 1
 This function uses a non-reentrant model


 *************** function i1_stop_timer *****************
 Defined at:
		line 139 in file "timer.c"
 Parameters:    Size  Location     Type
  timer           1    wreg     unsigned char 
 Auto vars:     Size  Location     Type
  timer           1    0[COMMON] unsigned char 
 Return value:  Size  Location     Type
                  1    wreg      void 
 Registers used:
		wreg, status,2, status,0
 Tracked objects:
		On entry : 
		On exit  : 
		Unchanged: 
 Data sizes:     COMMON   BANK0   BANK1   BANK3   BANK2
      Params:         0       0       0       0       0
      Locals:         1       0       0       0       0
      Temps:          0       0       0       0       0
      Totals:         1       0       0       0       0
Total ram usage:        1 bytes
 Hardware stack levels used:    1
 This function calls:
		Nothing
 This function is called by:
		_isr
 This function uses a non-reentrant model


 *************** function _timer_ISR *****************
 Defined at:
		line 200 in file "timer.c"
 Parameters:    Size  Location     Type
		None
 Auto vars:     Size  Location     Type
		None
 Return value:  Size  Location     Type
                  1    wreg      unsigned char 
 Registers used:
		wreg, fsr0l, fsr0h, status,2, status,0, btemp+1
 Tracked objects:
		On entry : 
		On exit  : 
		Unchanged: 
 Data sizes:     COMMON   BANK0   BANK1   BANK3   BANK2
      Params:         0       0       0       0       0
      Locals:         0       0       0       0       0
      Temps:          0       0       0       0       0
      Totals:         0       0       0       0       0
Total ram usage:        0 bytes
 Hardware stack levels used:    1
 This function calls:
		Nothing
 This function is called by:
		_isr
 This function uses a non-reentrant model


 *************** function _temperature_read *****************
 Defined at:
		line 28 in file "adc.c"
 Parameters:    Size  Location     Type
  pin             1    wreg     unsigned char 
 Auto vars:     Size  Location     Type
  pin             1   25[BANK0 ] unsigned char 
 Return value:  Size  Location     Type
                  2   22[BANK0 ] unsigned short 
 Registers used:
		wreg, status,2, status,0, btemp+1, pclath, cstack
 Tracked objects:
		On entry : 
		On exit  : 
		Unchanged: 
 Data sizes:     COMMON   BANK0   BANK1   BANK3   BANK2
      Params:         0       3       0       0       0
      Locals:         0       1       0       0       0
      Temps:          0       0       0       0       0
      Totals:         0       4       0       0       0
Total ram usage:        4 bytes
 Hardware stack levels used:    1
 Hardware stack levels required when called:    2
 This function calls:
		_ADC_Read
		___ftdiv
		___ftmul
		___fttol
		___lwtoft
 This function is called by:
		_isr
 This function uses a non-reentrant model


 *************** function ___lwtoft *****************
 Defined at:
		line 28 in file "E:\Program Files\Microchip\xc8\v2.20\pic\sources\c90\common\lwtoft.c"
 Parameters:    Size  Location     Type
  c               2    8[COMMON] unsigned int 
 Auto vars:     Size  Location     Type
		None
 Return value:  Size  Location     Type
                  3    8[COMMON] float 
 Registers used:
		wreg, status,2, status,0, btemp+1, pclath, cstack
 Tracked objects:
		On entry : 
		On exit  : 
		Unchanged: 
 Data sizes:     COMMON   BANK0   BANK1   BANK3   BANK2
      Params:         3       0       0       0       0
      Locals:         0       0       0       0       0
      Temps:          0       0       0       0       0
      Totals:         3       0       0       0       0
Total ram usage:        3 bytes
 Hardware stack levels used:    1
 Hardware stack levels required when called:    1
 This function calls:
		___ftpack
 This function is called by:
		_temperature_read
 This function uses a non-reentrant model


 *************** function ___fttol *****************
 Defined at:
		line 44 in file "E:\Program Files\Microchip\xc8\v2.20\pic\sources\c90\common\fttol.c"
 Parameters:    Size  Location     Type
  f1              3    9[BANK0 ] float 
 Auto vars:     Size  Location     Type
  lval            4   17[BANK0 ] unsigned long 
  exp1            1   21[BANK0 ] unsigned char 
  sign1           1   16[BANK0 ] unsigned char 
 Return value:  Size  Location     Type
                  4    9[BANK0 ] long 
 Registers used:
		wreg, status,2, status,0, btemp+1
 Tracked objects:
		On entry : 
[...]
  f1              3    0[BANK0 ] float 
  f2              3    3[BANK0 ] float 
 Auto vars:     Size  Location     Type
  f3_as_produc    3    7[BANK0 ] unsigned um
  sign            1   11[BANK0 ] unsigned char 
  cntr            1   10[BANK0 ] unsigned char 
  exp             1    6[BANK0 ] unsigned char 
 Return value:  Size  Location     Type
                  3    0[BANK0 ] float 
 Registers used:
		wreg, status,2, status,0, btemp+1, pclath, cstack
 Tracked objects:
		On entry : 
		On exit  : 
		Unchanged: 
 Data sizes:     COMMON   BANK0   BANK1   BANK3   BANK2
      Params:         0       6       0       0       0
      Locals:         0       6       0       0       0
      Temps:          3       0       0       0       0
      Totals:         3      12       0       0       0
Total ram usage:       15 bytes
 Hardware stack levels used:    1
 Hardware stack levels required when called:    1
 This function calls:
		___ftpack
 This function is called by:
		_temperature_read
 This function uses a non-reentrant model


 *************** function ___ftdiv *****************
 Defined at:
		line 56 in file "E:\Program Files\Microchip\xc8\v2.20\pic\sources\c90\common\ftdiv.c"
 Parameters:    Size  Location     Type
  f2              3    8[COMMON] float 
  f1              3   11[COMMON] float 
 Auto vars:     Size  Location     Type
  f3              3    4[BANK0 ] float 
  sign            1    8[BANK0 ] unsigned char 
  exp             1    7[BANK0 ] unsigned char 
  cntr            1    3[BANK0 ] unsigned char 
 Return value:  Size  Location     Type
                  3    8[COMMON] float 
 Registers used:
		wreg, status,2, status,0, btemp+1, pclath, cstack
 Tracked objects:
		On entry : 
		On exit  : 
		Unchanged: 
 Data sizes:     COMMON   BANK0   BANK1   BANK3   BANK2
      Params:         6       0       0       0       0
      Locals:         0       6       0       0       0
      Temps:          0       3       0       0       0
      Totals:         6       9       0       0       0
Total ram usage:       15 bytes
 Hardware stack levels used:    1
 Hardware stack levels required when called:    1
 This function calls:
		___ftpack
 This function is called by:
		_temperature_read
 This function uses a non-reentrant model


 *************** function ___ftpack *****************
 Defined at:
		line 62 in file "E:\Program Files\Microchip\xc8\v2.20\pic\sources\c90\common\float.c"
 Parameters:    Size  Location     Type
  arg             3    0[COMMON] unsigned um
  exp             1    3[COMMON] unsigned char 
  sign            1    4[COMMON] unsigned char 
 Auto vars:     Size  Location     Type
		None
 Return value:  Size  Location     Type
                  3    0[COMMON] float 
 Registers used:
		wreg, status,2, status,0, btemp+1
 Tracked objects:
		On entry : 
		On exit  : 
		Unchanged: 
 Data sizes:     COMMON   BANK0   BANK1   BANK3   BANK2
      Params:         5       0       0       0       0
      Locals:         0       0       0       0       0
      Temps:          3       0       0       0       0
      Totals:         8       0       0       0       0
Total ram usage:        8 bytes
 Hardware stack levels used:    1
 This function calls:
		Nothing
 This function is called by:
		___ftdiv
		___ftmul
		___lwtoft
 This function uses a non-reentrant model


 *************** function _ADC_Read *****************
 Defined at:
		line 15 in file "adc.c"
 Parameters:    Size  Location     Type
  ANC             1    wreg     unsigned char 
 Auto vars:     Size  Location     Type
  ANC             1    3[COMMON] unsigned char 
 Return value:  Size  Location     Type
                  2    0[COMMON] unsigned short 
 Registers used:
		wreg, status,2, status,0, btemp+1
 Tracked objects:
		On entry : 
		On exit  : 
		Unchanged: 
 Data sizes:     COMMON   BANK0   BANK1   BANK3   BANK2
      Params:         2       0       0       0       0
      Locals:         1       0       0       0       0
      Temps:          1       0       0       0       0
      Totals:         4       0       0       0       0
Total ram usage:        4 bytes
 Hardware stack levels used:    1
 This function calls:
		Nothing
 This function is called by:
		_temperature_read
 This function uses a non-reentrant model


 *************** function _set_temp_off *****************
 Defined at:
		line 68 in file "heater.c"
 Parameters:    Size  Location     Type
		None
 Auto vars:     Size  Location     Type
		None
 Return value:  Size  Location     Type
                  1    wreg      void 
 Registers used:
		wreg, status,2, status,0, btemp+1, pclath, cstack
 Tracked objects:
		On entry : 
		On exit  : 
		Unchanged: 
 Data sizes:     COMMON   BANK0   BANK1   BANK3   BANK2
      Params:         0       0       0       0       0
      Locals:         0       0       0       0       0
      Temps:          0       0       0       0       0
      Totals:         0       0       0       0       0
Total ram usage:        0 bytes
 Hardware stack levels used:    1
 Hardware stack levels required when called:    3
 This function calls:
		_eeprom_write
 This function is called by:
		_isr
 This function uses a non-reentrant model


 *************** function _eeprom_write *****************
 Defined at:
		line 7 in file "eeprom.c"
 Parameters:    Size  Location     Type
  address         1    wreg     unsigned char 
  data            1    2[COMMON] unsigned char 
 Auto vars:     Size  Location     Type
  address         1    3[COMMON] unsigned char 
 Return value:  Size  Location     Type
                  1    wreg      void 
 Registers used:
		wreg, status,2, status,0, pclath, cstack
 Tracked objects:
		On entry : 
		On exit  : 
		Unchanged: 
 Data sizes:     COMMON   BANK0   BANK1   BANK3   BANK2
      Params:         1       0       0       0       0
      Locals:         1       0       0       0       0
      Temps:          0       0       0       0       0
      Totals:         2       0       0       0       0
Total ram usage:        2 bytes
 Hardware stack levels used:    1
 Hardware stack levels required when called:    2
 This function calls:
		_i2c_master_init
		_i2c_master_write
		_i2c_restart
		_i2c_start
		_i2c_stop
		_i2c_write_slave_address_with_write_req
 This function is called by:
		_set_temp_off
 This function uses a non-reentrant model


 *************** function _i2c_write_slave_address_with_write_req *****************
 Defined at:
		line 53 in file "i2c.c"
 Parameters:    Size  Location     Type
  address         1    wreg     unsigned char 
 Auto vars:     Size  Location     Type
  address         1    1[COMMON] unsigned char 
 Return value:  Size  Location     Type
                  1    wreg      unsigned char 
 Registers used:
		wreg, status,2, status,0, pclath, cstack
 Tracked objects:
		On entry : 
		On exit  : 
		Unchanged: 
 Data sizes:     COMMON   BANK0   BANK1   BANK3   BANK2
      Params:         0       0       0       0       0
      Locals:         1       0       0       0       0
      Temps:          1       0       0       0       0
      Totals:         2       0       0       0       0
Total ram usage:        2 bytes
 Hardware stack levels used:    1
 Hardware stack levels required when called:    1
 This function calls:
		_i2c_wait
 This function is called by:
		_eeprom_write
 This function uses a non-reentrant model


 *************** function _i2c_stop *****************
 Defined at:
		line 27 in file "i2c.c"
 Parameters:    Size  Location     Type
		None
 Auto vars:     Size  Location     Type
		None
 Return value:  Size  Location     Type
                  1    wreg      void 
 Registers used:
		wreg, status,2, status,0, pclath, cstack
 Tracked objects:
		On entry : 
		On exit  : 
		Unchanged: 
 Data sizes:     COMMON   BANK0   BANK1   BANK3   BANK2
      Params:         0       0       0       0       0
      Locals:         0       0       0       0       0
      Temps:          0       0       0       0       0
      Totals:         0       0       0       0       0
Total ram usage:        0 bytes
 Hardware stack levels used:    1
 Hardware stack levels required when called:    1
 This function calls:
		_i2c_wait
 This function is called by:
		_eeprom_write
 This function uses a non-reentrant model


 *************** function _i2c_start *****************
 Defined at:
		line 22 in file "i2c.c"
 Parameters:    Size  Location     Type
		None
 Auto vars:     Size  Location     Type
		None
 Return value:  Size  Location     Type
                  1    wreg      void 
 Registers used:
		wreg, status,2, status,0, pclath, cstack
 Tracked objects:
		On entry : 
		On exit  : 
		Unchanged: 
 Data sizes:     COMMON   BANK0   BANK1   BANK3   BANK2
      Params:         0       0       0       0       0
      Locals:         0       0       0       0       0
      Temps:          0       0       0       0       0
      Totals:         0       0       0       0       0
Total ram usage:        0 bytes
 Hardware stack levels used:    1
 Hardware stack levels required when called:    1
 This function calls:
		_i2c_wait
 This function is called by:
		_eeprom_write
 This function uses a non-reentrant model


 *************** function _i2c_restart *****************
 Defined at:
		line 32 in file "i2c.c"
 Parameters:    Size  Location     Type
		None
 Auto vars:     Size  Location     Type
		None
 Return value:  Size  Location     Type
                  1    wreg      void 
 Registers used:
		wreg, status,2, status,0, pclath, cstack
 Tracked objects:
		On entry : 
		On exit  : 
		Unchanged: 
 Data sizes:     COMMON   BANK0   BANK1   BANK3   BANK2
      Params:         0       0       0       0       0
      Locals:         0       0       0       0       0
      Temps:          0       0       0       0       0
      Totals:         0       0       0       0       0
Total ram usage:        0 bytes
 Hardware stack levels used:    1
 Hardware stack levels required when called:    1
 This function calls:
		_i2c_wait
 This function is called by:
		_eeprom_write
 This function uses a non-reentrant model


 *************** function _i2c_master_write *****************
 Defined at:
		line 69 in file "i2c.c"
 Parameters:    Size  Location     Type
  data            1    wreg     unsigned char 
 Auto vars:     Size  Location     Type
  data            1    0[COMMON] unsigned char 
 Return value:  Size  Location     Type
                  1    wreg      unsigned char 
 Registers used:
		wreg, status,2, status,0, pclath, cstack
 Tracked objects:
		On entry : 
		On exit  : 
		Unchanged: 
 Data sizes:     COMMON   BANK0   BANK1   BANK3   BANK2
      Params:         0       0       0       0       0
      Locals:         1       0       0       0       0
      Temps:          0       0       0       0       0
      Totals:         1       0       0       0       0
Total ram usage:        1 bytes
 Hardware stack levels used:    1
 Hardware stack levels required when called:    1
 This function calls:
		_i2c_wait
 This function is called by:
		_eeprom_write
 This function uses a non-reentrant model


 *************** function _i2c_wait *****************
 Defined at:
		line 37 in file "i2c.c"
 Parameters:    Size  Location     Type
		None
 Auto vars:     Size  Location     Type
		None
 Return value:  Size  Location     Type
                  1    wreg      void 
 Registers used:
		wreg, status,2
 Tracked objects:
		On entry : 
		On exit  : 
		Unchanged: 
 Data sizes:     COMMON   BANK0   BANK1   BANK3   BANK2
      Params:         0       0       0       0       0
      Locals:         0       0       0       0       0
      Temps:          0       0       0       0       0
      Totals:         0       0       0       0       0
Total ram usage:        0 bytes
 Hardware stack levels used:    1
 This function calls:
		Nothing
 This function is called by:
		_i2c_start
		_i2c_stop
		_i2c_restart
		_i2c_write_slave_address_with_write_req
		_i2c_master_write
 This function uses a non-reentrant model


 *************** function _i2c_master_init *****************
 Defined at:
		line 8 in file "i2c.c"
 Parameters:    Size  Location     Type
		None
 Auto vars:     Size  Location     Type
		None
 Return value:  Size  Location     Type
                  1    wreg      void 
 Registers used:
		wreg, status,2
 Tracked objects:
		On entry : 
		On exit  : 
		Unchanged: 
 Data sizes:     COMMON   BANK0   BANK1   BANK3   BANK2
      Params:         0       0       0       0       0
      Locals:         0       0       0       0       0
      Temps:          0       0       0       0       0
      Totals:         0       0       0       0       0
Total ram usage:        0 bytes
 Hardware stack levels used:    1
 This function calls:
		Nothing
 This function is called by:
		_eeprom_write
 This function uses a non-reentrant model


 *************** function _save_temp *****************
 Defined at:
		line 41 in file "heater.c"
 Parameters:    Size  Location     Type
  temp            2    0[COMMON] short 
 Auto vars:     Size  Location     Type
		None
 Return value:  Size  Location     Type
                  1    wreg      void 
 Registers used:
		wreg, fsr0l, fsr0h, status,2, status,0, btemp+1
 Tracked objects:
		On entry : 
		On exit  : 
		Unchanged: 
 Data sizes:     COMMON   BANK0   BANK1   BANK3   BANK2
      Params:         2       0       0       0       0
      Locals:         0       0       0       0       0
      Temps:          0       0       0       0       0
      Totals:         2       0       0       0       0
Total ram usage:        2 bytes
 Hardware stack levels used:    1
 This function calls:
		Nothing
 This function is called by:
		_isr
 This function uses a non-reentrant model


 *************** function _alternate_on_off *****************
 Defined at:
		line 105 in file "heater.c"
 Parameters:    Size  Location     Type
		None
 Auto vars:     Size  Location     Type
		None
 Return value:  Size  Location     Type
                  1    wreg      void 
 Registers used:
		wreg, status,2, status,0
 Tracked objects:
		On entry : 
		On exit  : 
		Unchanged: 
 Data sizes:     COMMON   BANK0   BANK1   BANK3   BANK2
      Params:         0       0       0       0       0
      Locals:         0       0       0       0       0
      Temps:          0       0       0       0       0
      Totals:         0       0       0       0       0
Total ram usage:        0 bytes
 Hardware stack levels used:    1
 This function calls:
		Nothing
 This function is called by:
		_isr
 This function uses a non-reentrant model


 *************** function _alternate *****************
 Defined at:
		line 46 in file "ssd.c"
 Parameters:    Size  Location     Type
		None
 Auto vars:     Size  Location     Type
		None
 Return value:  Size  Location     Type
                  1    wreg      void 
 Registers used:
		wreg, status,2, status,0
 Tracked objects:
		On entry : 
		On exit  : 
		Unchanged: 
 Data sizes:     COMMON   BANK0   BANK1   BANK3   BANK2
      Params:         0       0       0       0       0
      Locals:         0       0       0       0       0
      Temps:          0       0       0       0       0
      Totals:         0       0       0       0       0
Total ram usage:        0 bytes
 Hardware stack levels used:    1
 This function calls:
		Nothing
 This function is called by:
		_isr
 This function uses a non-reentrant model



MODULE INFORMATION

Module		Function		Class		Link	Load	Size
ssd.c
		_segment_display_blink		CODE           	0E0C	0000	18
		_segment_display_off		CODE           	0EBF	0000	33
		_alternate     		CODE           	0DC9	0000	12
		_set_blink     		CODE           	0D97	0000	6
		_segment_display		CODE           	04E9	0000	116

ssd.c estimated size: 185

E:\Program Files\Microchip\xc8\v2.20\pic\sources\c90\common\ftmul.c
		___ftmul       		CODE           	0041	0000	180

E:\Program Files\Microchip\xc8\v2.20\pic\sources\c90\common\ftmul.c estimated size: 180

E:\Program Files\Microchip\xc8\v2.20\pic\sources\c90\common\__lldiv.c
		___lldiv       		CODE           	0629	0000	95

E:\Program Files\Microchip\xc8\v2.20\pic\sources\c90\common\__lldiv.c estimated size: 95

E:\Program Files\Microchip\xc8\v2.20\pic\sources\c90\common\ftdiv.c
		___ftdiv       		CODE           	02CE	0000	153

E:\Program Files\Microchip\xc8\v2.20\pic\sources\c90\common\ftdiv.c estimated size: 153

heater.c
		_check_temp    		CODE           	05C8	0000	98
		_set_temp_off  		CODE           	0DB5	0000	11
		_alternate_on_off		CODE           	0DD4	0000	12
		_temp_setting_down		CODE           	0DFB	0000	18
		_check_active_button		CODE           	0687	0000	89
		_temp_setting_up		CODE           	0EA3	0000	29
		_off           		CODE           	0DAC	0000	10
		_save_temp     		CODE           	0E2E	0000	19

heater.c estimated size: 286

E:\Program Files\Microchip\xc8\v2.20\pic\sources\c90\common\lwdiv.c
		___lwdiv       		CODE           	0F38	0000	61

E:\Program Files\Microchip\xc8\v2.20\pic\sources\c90\common\lwdiv.c estimated size: 61

timer.c
		_restart_timer 		CODE           	0E8E	0000	22
		_start_timer   		CODE           	0F74	0000	66
		_multiply      		CODE           	0366	0000	148
		_timer_ISR     		CODE           	06DF	0000	83
		_stop_timer    		CODE           	0E7A	0000	21
		_set_timer0    		CODE           	0194	0000	159
		_set_timer1    		CODE           	0232	0000	157
		_set_timer2    		CODE           	00F4	0000	161

timer.c estimated size: 817

i2c.c
		_i2c_master_write		CODE           	0DDF	0000	14
		_i2c_start     		CODE           	0D8D	0000	6
		_i2c_restart   		CODE           	0D88	0000	6
		_i2c_master_init		CODE           	0DEC	0000	16
		_i2c_stop      		CODE           	0D92	0000	6
		_i2c_write_slave_address_with_write_req		CODE           	0E40	0000	20
		_i2c_wait      		CODE           	0D9C	0000	9

i2c.c estimated size: 77

E:\Program Files\Microchip\xc8\v2.20\pic\sources\c90\common\fttol.c
		___fttol       		CODE           	03F9	0000	124

E:\Program Files\Microchip\xc8\v2.20\pic\sources\c90\common\fttol.c estimated size: 124

eeprom.c
		_eeprom_write  		CODE           	0F08	0000	49

eeprom.c estimated size: 49

adc.c
		_temperature_read		CODE           	0FB5	0000	76
		_ADC_Read      		CODE           	0EDF	0000	42
		_ADC_Init      		CODE           	07FA	0000	7

adc.c estimated size: 125

shared
		__initialization		CODE           	0015	0000	41
		i1_stop_timer  		CODE           	0E53	0000	20

shared estimated size: 61

E:\Program Files\Microchip\xc8\v2.20\pic\sources\c90\common\float.c
		___ftpack      		CODE           	055C	0000	109

E:\Program Files\Microchip\xc8\v2.20\pic\sources\c90\common\float.c estimated size: 109

E:\Program Files\Microchip\xc8\v2.20\pic\sources\c90\common\lwtoft.c
		___lwtoft      		CODE           	0E66	0000	21

E:\Program Files\Microchip\xc8\v2.20\pic\sources\c90\common\lwtoft.c estimated size: 21

E:\Program Files\Microchip\xc8\v2.20\pic\sources\c90\common\lwmod.c
		___lwmod       		CODE           	07C8	0000	51

E:\Program Files\Microchip\xc8\v2.20\pic\sources\c90\common\lwmod.c estimated size: 51

E:\Program Files\Microchip\xc8\v2.20\pic\sources\c90\common\llmod.c
		___llmod       		CODE           	0731	0000	77

E:\Program Files\Microchip\xc8\v2.20\pic\sources\c90\common\llmod.c estimated size: 77

main.c
		_main          		CODE           	0474	0000	118
		_isr           		CODE           	077D	0000	76

main.c estimated size: 194

